▲ Next.js 16.2.11
- Local:         http://127.0.0.1:3214
- Network:       http://127.0.0.1:3214
✓ Ready in 380ms
Failed to fetch DB sheets: Error: Failed query: select "id", "title", "updated_at" from "skill_sheets" where "skill_sheets"."owner_id" = $1 order by "skill_sheets"."updated_at" asc
params: <OWNER_ID>
    at f7.queryWithCache (.next/server/chunks/ssr/_0b3oi0e._.js:26:37233)
    at async f7.execute (.next/server/chunks/ssr/_0b3oi0e._.js:26:40014)
    at async gR (.next/server/chunks/ssr/_0b3oi0e._.js:33:5435)
    at async (.next/server/chunks/ssr/1pum_next_1ftd_og._.js:8:30034)
    at async f (.next/server/chunks/ssr/[root-of-the-server]__1e61hif._.js:8:5878) {
  query: 'select "id", "title", "updated_at" from "skill_sheets" where "skill_sheets"."owner_id" = $1 order by "skill_sheets"."updated_at" asc',
  params: [ '<OWNER_ID>' ],
  [cause]: p {
    [Symbol(kTarget)]: J {
      _events: [Object: null prototype],
      _eventsCount: 4,
      _maxListeners: undefined,
      _binaryType: 'arraybuffer',
      _closeCode: 1006,
      _closeFrameReceived: false,
      _closeFrameSent: false,
      _closeMessage: <Buffer >,
      _closeTimer: null,
      _errorEmitted: true,
      _extensions: {},
      _paused: false,
      _protocol: '',
      _readyState: 3,
      _receiver: null,
      _sender: null,
      _socket: null,
      _bufferedAmount: 0,
      _isServer: false,
      _redirects: 0,
      _autoPong: true,
      _closeTimeout: 30000,
      _url: 'wss://127.0.0.1/v2',
      _req: null,
      [Symbol(shapeMode)]: false,
      [Symbol(kCapture)]: false
    },
    [Symbol(kType)]: 'error',
    [Symbol(kError)]: Error: connect ECONNREFUSED 127.0.0.1:443
        at <unknown> (Error: connect ECONNREFUSED 127.0.0.1:443) {
      errno: -111,
      code: 'ECONNREFUSED',
      syscall: 'connect',
      address: '127.0.0.1',
      port: 443
    },
    [Symbol(kMessage)]: 'connect ECONNREFUSED 127.0.0.1:443'
  }
}
Failed to fetch DB sheets: Error: Failed query: select "id", "title", "updated_at" from "skill_sheets" where "skill_sheets"."owner_id" = $1 order by "skill_sheets"."updated_at" asc
params: <OWNER_ID>
    at f7.queryWithCache (.next/server/chunks/ssr/_0b3oi0e._.js:26:37233)
    at async f7.execute (.next/server/chunks/ssr/_0b3oi0e._.js:26:40014)
    at async gR (.next/server/chunks/ssr/_0b3oi0e._.js:33:5435)
    at async (.next/server/chunks/ssr/1pum_next_1ftd_og._.js:8:30034)
    at async f (.next/server/chunks/ssr/[root-of-the-server]__1e61hif._.js:8:5878) {
  query: 'select "id", "title", "updated_at" from "skill_sheets" where "skill_sheets"."owner_id" = $1 order by "skill_sheets"."updated_at" asc',
  params: [ '<OWNER_ID>' ],
  [cause]: p {
    [Symbol(kTarget)]: J {
      _events: [Object: null prototype],
      _eventsCount: 4,
      _maxListeners: undefined,
      _binaryType: 'arraybuffer',
      _closeCode: 1006,
      _closeFrameReceived: false,
      _closeFrameSent: false,
      _closeMessage: <Buffer >,
      _closeTimer: null,
      _errorEmitted: true,
      _extensions: {},
      _paused: false,
      _protocol: '',
      _readyState: 3,
      _receiver: null,
      _sender: null,
      _socket: null,
      _bufferedAmount: 0,
      _isServer: false,
      _redirects: 0,
      _autoPong: true,
      _closeTimeout: 30000,
      _url: 'wss://127.0.0.1/v2',
      _req: null,
      [Symbol(shapeMode)]: false,
      [Symbol(kCapture)]: false
    },
    [Symbol(kType)]: 'error',
    [Symbol(kError)]: Error: connect ECONNREFUSED 127.0.0.1:443
        at <unknown> (Error: connect ECONNREFUSED 127.0.0.1:443) {
      errno: -111,
      code: 'ECONNREFUSED',
      syscall: 'connect',
      address: '127.0.0.1',
      port: 443
    },
    [Symbol(kMessage)]: 'connect ECONNREFUSED 127.0.0.1:443'
  }
}
